============================= test session starts ==============================
platform linux -- Python 3.12.3, pytest-8.4.1, pluggy-1.6.0 -- /home/jikhanjung/venv/Modan2/bin/python3
cachedir: .pytest_cache
PyQt5 5.15.11 -- Qt runtime 5.15.17 -- Qt compiled 5.15.14
rootdir: /mnt/d/projects/Modan2
configfile: pytest.ini
testpaths: tests
plugins: qt-4.5.0, anyio-4.11.0, mock-3.14.1, cov-7.0.0
collecting ... collected 237 items

tests/test_analysis_workflow.py::TestAnalysisDialog::test_analysis_dialog_creation PASSED [  0%]
tests/test_analysis_workflow.py::TestAnalysisDialog::test_analysis_dialog_default_values PASSED [  0%]
tests/test_analysis_workflow.py::TestMainWindowAnalysis::test_mainwindow_dataset_selection_and_analysis PASSED [  1%]
tests/test_analysis_workflow.py::TestCompleteWorkflows::test_complete_import_to_analysis_workflow SKIPPED [  1%]
tests/test_analysis_workflow.py::TestCompleteWorkflows::test_large_dataset_workflow PASSED [  2%]
tests/test_analysis_workflow.py::TestAnalysisValidation::test_analysis_with_insufficient_data SKIPPED [  2%]
tests/test_controller.py::TestModanController::test_controller_creation PASSED [  2%]
tests/test_controller.py::TestModanController::test_controller_with_view PASSED [  3%]
tests/test_controller.py::TestDatasetOperations::test_create_dataset_success PASSED [  3%]
tests/test_controller.py::TestDatasetOperations::test_create_dataset_empty_name PASSED [  4%]
tests/test_controller.py::TestDatasetOperations::test_create_dataset_invalid_dimension PASSED [  4%]
tests/test_controller.py::TestDatasetOperations::test_create_dataset_duplicate_name PASSED [  5%]
tests/test_controller.py::TestDatasetOperations::test_update_dataset PASSED [  5%]
tests/test_controller.py::TestDatasetOperations::test_delete_dataset PASSED [  5%]
tests/test_controller.py::TestDatasetOperations::test_set_current_dataset PASSED [  6%]
tests/test_controller.py::TestObjectOperations::test_import_objects_no_dataset PASSED [  6%]
tests/test_controller.py::TestObjectOperations::test_import_objects_while_processing PASSED [  7%]
tests/test_controller.py::TestObjectOperations::test_import_tps_file PASSED [  7%]
tests/test_controller.py::TestObjectOperations::test_import_image_file PASSED [  8%]
tests/test_controller.py::TestObjectOperations::test_import_3d_file PASSED [  8%]
tests/test_controller.py::TestObjectOperations::test_update_object PASSED [  8%]
tests/test_controller.py::TestObjectOperations::test_delete_object PASSED [  9%]
tests/test_controller.py::TestObjectOperations::test_set_current_object PASSED [  9%]
tests/test_controller.py::TestAnalysisOperations::test_run_analysis_no_dataset PASSED [ 10%]
tests/test_controller.py::TestAnalysisOperations::test_run_analysis_insufficient_objects PASSED [ 10%]
tests/test_controller.py::TestAnalysisOperations::test_run_pca_analysis PASSED [ 10%]
tests/test_controller.py::TestAnalysisOperations::test_run_cva_analysis PASSED [ 11%]
tests/test_controller.py::TestAnalysisOperations::test_validate_dataset_for_analysis PASSED [ 11%]
tests/test_controller.py::TestAnalysisOperations::test_delete_analysis PASSED [ 12%]
tests/test_controller.py::TestExportOperations::test_export_dataset_no_dataset PASSED [ 12%]
tests/test_controller.py::TestExportOperations::test_export_dataset_csv PASSED [ 13%]
tests/test_controller.py::TestExportOperations::test_export_dataset_excel PASSED [ 13%]
tests/test_controller.py::TestExportOperations::test_export_dataset_unsupported_format PASSED [ 13%]
tests/test_controller.py::TestStateManagement::test_get_current_state PASSED [ 14%]
tests/test_controller.py::TestStateManagement::test_restore_state PASSED [ 14%]
tests/test_controller.py::TestStateManagement::test_get_dataset_summary PASSED [ 15%]
tests/test_controller.py::TestSignalEmission::test_dataset_created_signal PASSED [ 15%]
tests/test_controller.py::TestSignalEmission::test_error_signal PASSED   [ 16%]
tests/test_controller.py::TestSignalEmission::test_object_added_signal PASSED [ 16%]
tests/test_controller.py::TestErrorHandling::test_database_error_handling PASSED [ 16%]
tests/test_controller.py::TestErrorHandling::test_file_error_handling PASSED [ 17%]
tests/test_controller.py::TestErrorHandling::test_analysis_error_handling PASSED [ 17%]
tests/test_controller.py::TestControllerIntegration::test_controller_signals_received PASSED [ 18%]
tests/test_controller.py::TestControllerIntegration::test_controller_state_consistency PASSED [ 18%]
tests/test_dataset_core.py::TestDatasetCore::test_dataset_dialog_creation PASSED [ 18%]
tests/test_dataset_core.py::TestDatasetCore::test_dataset_creation_2d PASSED [ 19%]
tests/test_dataset_core.py::TestDatasetCore::test_dataset_creation_3d PASSED [ 19%]
tests/test_dataset_core.py::TestDatasetCore::test_dataset_validation PASSED [ 20%]
tests/test_dataset_core.py::TestObjectCore::test_object_dialog_creation PASSED [ 20%]
tests/test_dataset_core.py::TestObjectCore::test_object_creation PASSED  [ 21%]
tests/test_dataset_core.py::TestObjectCore::test_object_validation PASSED [ 21%]
tests/test_dataset_core.py::TestDatasetObjectIntegration::test_dataset_object_relationship PASSED [ 21%]
tests/test_dataset_core.py::TestDatasetObjectIntegration::test_multiple_datasets_with_objects PASSED [ 22%]
tests/test_dataset_dialog_direct.py::TestDatasetDialogDirect::test_dataset_dialog_creation PASSED [ 22%]
tests/test_dataset_dialog_direct.py::TestDatasetDialogDirect::test_dataset_input_fields PASSED [ 23%]
tests/test_dataset_dialog_direct.py::TestDatasetDialogDirect::test_dimension_selection PASSED [ 23%]
tests/test_dataset_dialog_direct.py::TestDatasetDialogDirect::test_mouse_click_dimension_selection PASSED [ 24%]
tests/test_dataset_dialog_direct.py::TestDatasetDialogDirect::test_keyboard_input PASSED [ 24%]
tests/test_dataset_dialog_direct.py::TestDatasetDialogDirect::test_dialog_accept_without_exec PASSED [ 24%]
tests/test_dataset_dialog_direct.py::TestDatasetDialogDirect::test_complete_dataset_creation_scenario PASSED [ 25%]
tests/test_dataset_dialog_direct.py::TestDatasetDialogDirect::test_button_interactions PASSED [ 25%]
tests/test_dataset_dialog_direct.py::TestDatasetDialogDirect::test_database_save_functionality PASSED [ 26%]
tests/test_dataset_dialog_direct.py::TestDatasetDialogDirect::test_dataset_creation_workflow_with_database PASSED [ 26%]
tests/test_dataset_dialog_direct.py::TestDatasetObjectIntegration::test_dataset_to_object_workflow PASSED [ 27%]
tests/test_dataset_dialog_direct.py::TestDatasetObjectIntegration::test_multiple_datasets_with_objects PASSED [ 27%]
tests/test_dataset_dialog_direct.py::TestDatasetObjectIntegration::test_object_creation_without_dataset PASSED [ 27%]
tests/test_dataset_dialog_direct.py::TestDatasetObjectIntegration::test_dataset_deletion_cascades_to_objects PASSED [ 28%]
tests/test_dataset_dialog_direct.py::TestDatasetDialogEdgeCases::test_special_characters_in_name PASSED [ 28%]
tests/test_dataset_dialog_direct.py::TestObjectDialogDirect::test_object_dialog_creation PASSED [ 29%]
tests/test_dataset_dialog_direct.py::TestObjectDialogDirect::test_object_input_fields PASSED [ 29%]
tests/test_dataset_dialog_direct.py::TestObjectDialogDirect::test_keyboard_input_object_fields PASSED [ 29%]
tests/test_dataset_dialog_direct.py::TestObjectDialogDirect::test_object_save_functionality PASSED [ 30%]
tests/test_dataset_dialog_direct.py::TestObjectDialogDirect::test_object_creation_workflow_with_dialog PASSED [ 30%]
tests/test_dataset_dialog_direct.py::TestObjectDialogDirect::test_object_editing_workflow PASSED [ 31%]
tests/test_dataset_dialog_direct.py::TestObjectDialogDirect::test_sequence_validation PASSED [ 31%]
tests/test_dataset_dialog_direct.py::TestObjectDialogDirect::test_special_characters_in_object_name PASSED [ 32%]
tests/test_dataset_dialog_direct.py::TestDatasetObjectDialogIntegration::test_complete_dataset_object_dialog_workflow PASSED [ 32%]
tests/test_dataset_dialog_direct.py::TestDatasetObjectDialogIntegration::test_multiple_objects_via_dialogs PASSED [ 32%]
tests/test_dataset_dialog_direct.py::TestDatasetObjectDialogIntegration::test_dataset_object_dialog_error_handling PASSED [ 33%]
tests/test_import.py::TestImportDatasetDialog::test_import_dialog_creation PASSED [ 33%]
tests/test_import.py::TestImportDatasetDialog::test_file_type_auto_detection PASSED [ 34%]
tests/test_import.py::TestTpsImport::test_tps_parsing_only PASSED        [ 34%]
tests/test_import.py::TestTpsImport::test_import_dialog_file_loading_only PASSED [ 35%]
tests/test_import.py::TestImportWithMessageBoxHandling::test_import_small_sample_with_auto_click PASSED [ 35%]
tests/test_import.py::TestImportWithMessageBoxHandling::test_import_large_dataset_with_auto_click PASSED [ 35%]
tests/test_import.py::TestImportEdgeCases::test_import_nonexistent_file PASSED [ 36%]
tests/test_import.py::TestImportEdgeCases::test_import_empty_dataset_name PASSED [ 36%]
tests/test_legacy_integration.py::TestDatasetDialogEdgeCases::test_dialog_geometry_handling PASSED [ 37%]
tests/test_legacy_integration.py::TestDatasetDialogEdgeCases::test_dialog_with_invalid_parent PASSED [ 37%]
tests/test_legacy_integration.py::TestObjectDialogEdgeCases::test_object_dialog_with_none_dataset PASSED [ 37%]
tests/test_legacy_integration.py::TestObjectDialogEdgeCases::test_object_dialog_with_none_dataset_only PASSED [ 38%]
tests/test_legacy_integration.py::TestImportEdgeCasesLegacy::test_import_with_special_characters_in_filename PASSED [ 38%]
tests/test_legacy_integration.py::TestImportEdgeCasesLegacy::test_import_dialog_ui_state_consistency PASSED [ 39%]
tests/test_legacy_integration.py::TestIntegrationRegressionTests::test_dataset_creation_with_unicode_names PASSED [ 39%]
tests/test_legacy_integration.py::TestIntegrationRegressionTests::test_large_number_of_objects_in_dataset PASSED [ 40%]
tests/test_legacy_integration.py::TestLegacyCompatibility::test_old_dataset_dialog_interface PASSED [ 40%]
tests/test_legacy_integration.py::TestLegacyCompatibility::test_dataset_dialog_button_behavior PASSED [ 40%]
tests/test_mdmodel.py::TestDatabaseConstants::test_separators PASSED     [ 41%]
tests/test_mdmodel.py::TestDatabaseConstants::test_database_filename PASSED [ 41%]
tests/test_mdmodel.py::TestMdDataset::test_create_dataset PASSED         [ 42%]
tests/test_mdmodel.py::TestMdDataset::test_dataset_defaults PASSED       [ 42%]
tests/test_mdmodel.py::TestMdDataset::test_dataset_parent_child_relationship PASSED [ 43%]
tests/test_mdmodel.py::TestMdDataset::test_pack_unpack_variablename_str PASSED [ 43%]
tests/test_mdmodel.py::TestMdDataset::test_unpack_empty_variablename PASSED [ 43%]
tests/test_mdmodel.py::TestMdDataset::test_get_variablename_list PASSED  [ 44%]
tests/test_mdmodel.py::TestMdDataset::test_update_dataset_name PASSED    [ 44%]
tests/test_mdmodel.py::TestMdDataset::test_update_multiple_fields PASSED [ 45%]
tests/test_mdmodel.py::TestMdDataset::test_delete_dataset PASSED         [ 45%]
tests/test_mdmodel.py::TestMdDataset::test_delete_dataset_with_cascade PASSED [ 45%]
tests/test_mdmodel.py::TestMdObject::test_create_object PASSED           [ 46%]
tests/test_mdmodel.py::TestMdObject::test_object_defaults PASSED         [ 46%]
tests/test_mdmodel.py::TestMdObject::test_pack_unpack_landmark_2d PASSED [ 47%]
tests/test_mdmodel.py::TestMdObject::test_pack_unpack_landmark_3d PASSED [ 47%]
tests/test_mdmodel.py::TestMdObject::test_pack_unpack_variable PASSED    [ 48%]
tests/test_mdmodel.py::TestMdObject::test_update_object_name PASSED      [ 48%]
tests/test_mdmodel.py::TestMdObject::test_delete_object PASSED           [ 48%]
tests/test_mdmodel.py::TestMdAnalysis::test_create_analysis PASSED       [ 49%]
tests/test_mdmodel.py::TestMdAnalysis::test_analysis_defaults PASSED     [ 49%]
tests/test_mdmodel.py::TestDatabaseOperations::test_cascade_delete PASSED [ 50%]
tests/test_mdmodel.py::TestDatabaseOperations::test_foreign_key_constraint PASSED [ 50%]
tests/test_mdmodel.py::TestDatabaseOperations::test_transaction_rollback PASSED [ 51%]
tests/test_mdmodel.py::TestErrorHandling::test_create_dataset_duplicate_name_allowed PASSED [ 51%]
tests/test_mdmodel.py::TestErrorHandling::test_create_object_missing_required_dataset PASSED [ 51%]
tests/test_mdmodel.py::TestErrorHandling::test_invalid_landmark_data_handling PASSED [ 52%]
tests/test_mdmodel.py::TestErrorHandling::test_empty_variablename_str_handling PASSED [ 52%]
tests/test_mdmodel.py::TestErrorHandling::test_large_landmark_data PASSED [ 53%]
tests/test_mdstatistics.py::TestMdPrincipalComponent::test_pca_initialization PASSED [ 53%]
tests/test_mdstatistics.py::TestMdPrincipalComponent::test_pca_set_data PASSED [ 54%]
tests/test_mdstatistics.py::TestMdPrincipalComponent::test_pca_analyze PASSED [ 54%]
tests/test_mdstatistics.py::TestMdPrincipalComponent::test_pca_eigenvalue_properties PASSED [ 54%]
tests/test_mdstatistics.py::TestMdPrincipalComponent::test_pca_mean_centering PASSED [ 55%]
tests/test_mdstatistics.py::TestMdCanonicalVariate::test_cva_initialization PASSED [ 55%]
tests/test_mdstatistics.py::TestMdCanonicalVariate::test_cva_set_data PASSED [ 56%]
tests/test_mdstatistics.py::TestMdCanonicalVariate::test_cva_set_category PASSED [ 56%]
tests/test_mdstatistics.py::TestMdCanonicalVariate::test_cva_analyze_basic PASSED [ 56%]
tests/test_mdstatistics.py::TestPerformFunctions::test_perform_pca PASSED [ 57%]
tests/test_mdstatistics.py::TestPerformFunctions::test_perform_cva PASSED [ 57%]
tests/test_mdstatistics.py::TestPerformFunctions::test_perform_manova PASSED [ 58%]
tests/test_mdstatistics.py::TestEdgeCases::test_pca_initialization_attributes PASSED [ 58%]
tests/test_mdstatistics.py::TestEdgeCases::test_pca_with_single_observation PASSED [ 59%]
tests/test_mdstatistics.py::TestEdgeCases::test_cva_with_single_category PASSED [ 59%]
tests/test_mdstatistics.py::TestEdgeCases::test_cva_mismatched_data_categories PASSED [ 59%]
tests/test_mdutils.py::TestConstants::test_program_constants PASSED      [ 60%]
tests/test_mdutils.py::TestConstants::test_directory_constants PASSED    [ 60%]
tests/test_mdutils.py::TestConstants::test_extension_lists PASSED        [ 61%]
tests/test_mdutils.py::TestConstants::test_color_lists PASSED            [ 61%]
tests/test_mdutils.py::TestConstants::test_marker_list PASSED            [ 62%]
tests/test_mdutils.py::TestResourcePath::test_resource_path_normal PASSED [ 62%]
tests/test_mdutils.py::TestResourcePath::test_resource_path_frozen PASSED [ 62%]
tests/test_mdutils.py::TestAsQtColor::test_as_qt_color_with_qcolor PASSED [ 63%]
tests/test_mdutils.py::TestAsQtColor::test_as_qt_color_with_string PASSED [ 63%]
tests/test_mdutils.py::TestAsQtColor::test_as_qt_color_with_named_color PASSED [ 64%]
tests/test_mdutils.py::TestDirectoryCreation::test_directories_exist PASSED [ 64%]
tests/test_mdutils.py::TestAsGlColor::test_as_gl_color_with_string PASSED [ 64%]
tests/test_mdutils.py::TestAsGlColor::test_as_gl_color_with_qcolor PASSED [ 65%]
tests/test_mdutils.py::TestUtilityFunctions::test_value_to_bool PASSED   [ 65%]
tests/test_mdutils.py::TestUtilityFunctions::test_is_numeric PASSED      [ 66%]
tests/test_mdutils.py::TestUtilityFunctions::test_process_dropped_file_name_windows PASSED [ 66%]
tests/test_mdutils.py::TestUtilityFunctions::test_process_dropped_file_name_unix PASSED [ 67%]
tests/test_mdutils.py::TestUtilityFunctions::test_process_dropped_file_name_with_spaces PASSED [ 67%]
tests/test_mdutils.py::TestProcess3DFile::test_process_3d_file_obj PASSED [ 67%]
tests/test_mdutils.py::TestProcess3DFile::test_process_3d_file_stl PASSED [ 68%]
tests/test_mdutils.py::TestProcess3DFile::test_process_3d_file_ply PASSED [ 68%]
tests/test_mdutils.py::TestErrorHandling::test_process_3d_file_invalid_extension PASSED [ 69%]
tests/test_mdutils.py::TestErrorHandling::test_process_3d_file_nonexistent_file PASSED [ 69%]
tests/test_mdutils.py::TestErrorHandling::test_process_3d_file_trimesh_error PASSED [ 70%]
tests/test_mdutils.py::TestErrorHandling::test_process_dropped_file_name_malformed_url PASSED [ 70%]
tests/test_mdutils.py::TestEdgeCases::test_show_error_message PASSED     [ 70%]
tests/test_mdutils.py::TestMathFunctions::test_get_ellipse_params PASSED [ 71%]
tests/test_mdutils.py::TestMathFunctions::test_get_ellipse_params_rotated PASSED [ 71%]
tests/test_performance.py::TestMdUtilsPerformance::test_as_qt_color_performance PASSED [ 72%]
tests/test_performance.py::TestMdUtilsPerformance::test_resource_path_performance PASSED [ 72%]
tests/test_performance.py::TestMdModelPerformance::test_bulk_dataset_creation_performance SKIPPED [ 72%]
tests/test_performance.py::TestMdModelPerformance::test_bulk_object_creation_performance SKIPPED [ 73%]
tests/test_performance.py::TestMdModelPerformance::test_large_landmark_processing_performance SKIPPED [ 73%]
tests/test_performance.py::TestMdStatisticsPerformance::test_pca_performance_large_dataset PASSED [ 74%]
tests/test_performance.py::TestMdStatisticsPerformance::test_cva_performance_large_dataset PASSED [ 74%]
tests/test_performance.py::TestMemoryUsage::test_memory_cleanup_after_large_operations PASSED [ 75%]
tests/test_procrustes_missing.py::TestProcrustesNoMissing::test_procrustes_complete_data PASSED [ 75%]
tests/test_procrustes_missing.py::TestProcrustesNoMissing::test_average_shape_complete PASSED [ 75%]
tests/test_procrustes_missing.py::TestProcrustesWithMissing::test_procrustes_with_missing_basic PASSED [ 76%]
tests/test_procrustes_missing.py::TestProcrustesWithMissing::test_move_preserves_missing PASSED [ 76%]
tests/test_procrustes_missing.py::TestProcrustesWithMissing::test_rescale_preserves_missing PASSED [ 77%]
tests/test_procrustes_missing.py::TestProcrustesWithMissing::test_rotation_preserves_missing PASSED [ 77%]
tests/test_procrustes_missing.py::TestProcrustesImputation::test_missing_landmarks_imputed PASSED [ 78%]
tests/test_procrustes_missing.py::TestProcrustesImputation::test_imputation_convergence PASSED [ 78%]
tests/test_procrustes_missing.py::TestProcrustesImputation::test_average_shape_with_missing PASSED [ 78%]
tests/test_ui_basic.py::TestMainWindow::test_window_creation PASSED      [ 79%]
tests/test_ui_basic.py::TestMainWindow::test_initial_state PASSED        [ 79%]
tests/test_ui_basic.py::TestMainWindow::test_menu_bar_exists PASSED      [ 80%]
tests/test_ui_basic.py::TestMainWindow::test_toolbar_exists PASSED       [ 80%]
tests/test_ui_basic.py::TestMainWindow::test_central_widget_setup PASSED [ 81%]
tests/test_ui_basic.py::TestMainWindow::test_tree_widget_exists PASSED   [ 81%]
tests/test_ui_basic.py::TestMainWindow::test_table_widget_exists PASSED  [ 81%]
tests/test_ui_basic.py::TestMainWindow::test_viewer_widgets_exist PASSED [ 82%]
tests/test_ui_basic.py::TestMainWindow::test_status_bar_exists PASSED    [ 82%]
tests/test_ui_basic.py::TestDatasetSelection::test_dataset_selection_enables_actions PASSED [ 83%]
tests/test_ui_basic.py::TestDatasetSelection::test_dataset_deselection_disables_actions PASSED [ 83%]
tests/test_ui_basic.py::TestDatasetSelection::test_multiple_dataset_switch PASSED [ 83%]
tests/test_ui_basic.py::TestDragAndDrop::test_drag_enter_event_accepts_urls PASSED [ 84%]
tests/test_ui_basic.py::TestDragAndDrop::test_drag_enter_event_rejects_non_urls PASSED [ 84%]
tests/test_ui_basic.py::TestDragAndDrop::test_drop_event_processes_files PASSED [ 85%]
tests/test_ui_basic.py::TestUIResponsiveness::test_progress_dialog_shows_during_analysis PASSED [ 85%]
tests/test_ui_basic.py::TestUIResponsiveness::test_status_bar_updates PASSED [ 86%]
tests/test_ui_basic.py::TestUIResponsiveness::test_table_updates_on_object_addition PASSED [ 86%]
tests/test_ui_basic.py::TestWindowGeometry::test_splitter_sizes PASSED   [ 86%]
tests/test_ui_basic.py::TestWindowGeometry::test_window_state_save_restore PASSED [ 87%]
tests/test_ui_dialogs.py::TestNewDatasetDialog::test_new_dataset_dialog_creation SKIPPED [ 87%]
tests/test_ui_dialogs.py::TestNewDatasetDialog::test_new_dataset_dialog_accept SKIPPED [ 88%]
tests/test_ui_dialogs.py::TestNewDatasetDialog::test_new_dataset_dialog_cancel SKIPPED [ 88%]
tests/test_ui_dialogs.py::TestNewDatasetDialog::test_new_dataset_dialog_validation SKIPPED [ 89%]
tests/test_ui_dialogs.py::TestPreferencesDialog::test_preferences_dialog_creation SKIPPED [ 89%]
tests/test_ui_dialogs.py::TestPreferencesDialog::test_preferences_dialog_settings SKIPPED [ 89%]
tests/test_ui_dialogs.py::TestPreferencesDialog::test_preferences_dialog_color_selection SKIPPED [ 90%]
tests/test_ui_dialogs.py::TestAnalysisDialog::test_analysis_dialog_creation SKIPPED [ 90%]
tests/test_ui_dialogs.py::TestAnalysisDialog::test_analysis_dialog_pca_selection SKIPPED [ 91%]
tests/test_ui_dialogs.py::TestAnalysisDialog::test_analysis_dialog_cva_selection SKIPPED [ 91%]
tests/test_ui_dialogs.py::TestAboutDialog::test_about_dialog_shows PASSED [ 91%]
tests/test_ui_dialogs.py::TestFileDialogs::test_import_dialog SKIPPED    [ 92%]
tests/test_ui_dialogs.py::TestFileDialogs::test_export_dialog SKIPPED    [ 92%]
tests/test_ui_dialogs.py::TestFileDialogs::test_open_image_dialog SKIPPED [ 93%]
tests/test_ui_dialogs.py::TestMessageBoxes::test_error_message SKIPPED   [ 93%]
tests/test_ui_dialogs.py::TestMessageBoxes::test_warning_message SKIPPED [ 94%]
tests/test_ui_dialogs.py::TestMessageBoxes::test_info_message SKIPPED    [ 94%]
tests/test_ui_dialogs.py::TestMessageBoxes::test_confirmation_dialog SKIPPED [ 94%]
tests/test_ui_dialogs.py::TestEditObjectDialog::test_edit_object_dialog_creation SKIPPED [ 95%]
tests/test_ui_dialogs.py::TestEditObjectDialog::test_edit_object_dialog_save SKIPPED [ 95%]
tests/test_workflows.py::TestCoreWorkflows::test_import_2d_landmark_workflow SKIPPED [ 96%]
tests/test_workflows.py::TestCoreWorkflows::test_pca_analysis_workflow SKIPPED [ 96%]
tests/test_workflows.py::TestCoreWorkflows::test_3d_model_import_workflow SKIPPED [ 97%]
tests/test_workflows.py::TestCoreWorkflows::test_dataset_export_workflow SKIPPED [ 97%]
tests/test_workflows.py::TestCoreWorkflows::test_object_editing_workflow SKIPPED [ 97%]
tests/test_workflows.py::TestCoreWorkflows::test_preferences_change_workflow SKIPPED [ 98%]
tests/test_workflows.py::TestCoreWorkflows::test_multi_dataset_management_workflow SKIPPED [ 98%]
tests/test_workflows.py::TestCoreWorkflows::test_error_recovery_workflow SKIPPED [ 99%]
tests/test_workflows.py::TestIntegrationScenarios::test_dataset_treeView_table_sync SKIPPED [ 99%]
tests/test_workflows.py::TestIntegrationScenarios::test_viewer_updates_on_object_selection SKIPPED [100%]

================= 203 passed, 34 skipped, 1 warning in 32.86s ==================
